Error (3): ID list and expr list must be of same length.
Parse failed.