Error (1): ID list and expr list must be of same length.
Parse failed.